// Jest Snapshot v1, https://goo.gl/fbAQLP

exports[`renders correctly 1`] = `
<header
  className="header"
>
  <div
    className="logo"
  >
    <img
      alt=""
    />
    <span>
      THE KINGDOM TRYBE
    </span>
  </div>
</header>
`;
